2013-12-24T18:23:52.300+0800: 7.117: [GC 2013-12-24T18:23:52.300+0800: 7.118: [ParNew
Desired survivor size 13402112 bytes, new threshold 4 (max 4)
- age   1:    5727296 bytes,    5727296 total
: 209792K->5615K(235968K), 0.0313678 secs] 209792K->5615K(1022400K), 0.0316026 secs] [Times: user=0.04 sys=0.01, real=0.03 secs] 
2013-12-24T18:23:57.549+0800: 12.367: [GC 2013-12-24T18:23:57.549+0800: 12.367: [ParNew
Desired survivor size 13402112 bytes, new threshold 4 (max 4)
- age   1:    3301936 bytes,    3301936 total
- age   2:    2352232 bytes,    5654168 total
: 215407K->6412K(235968K), 0.0133224 secs] 215407K->6412K(1022400K), 0.0134509 secs] [Times: user=0.02 sys=0.00, real=0.02 secs] 
2013-12-24T18:24:05.848+0800: 20.666: [GC 2013-12-24T18:24:05.848+0800: 20.666: [ParNew
Desired survivor size 13402112 bytes, new threshold 4 (max 4)
- age   1:    3157872 bytes,    3157872 total
- age   2:        320 bytes,    3158192 total
- age   3:    2352328 bytes,    5510520 total
: 216204K->6549K(235968K), 0.0107966 secs] 216204K->6549K(1022400K), 0.0109225 secs]